0 verbose cli /.sprite/languages/node/nvm/versions/node/v24.18.0/bin/node /.sprite/languages/node/nvm/versions/node/v24.18.0/bin/npm
1 info using npm@12.0.2
2 info using node@v24.18.0
3 silly config load:file:/.sprite/languages/node/nvm/versions/node/v24.18.0/lib/node_modules/npm/npmrc
4 silly config load:file:/home/sprite/.npmrc
5 silly config load:file:/.sprite/languages/node/nvm/versions/node/v24.18.0/etc/npmrc
6 verbose title npm install
7 verbose argv "install"
8 verbose logfile logs-max:10 dir:/home/sprite/.npm/_logs/2026-09-14T16_13_44_347Z-
9 verbose logfile /home/sprite/.npm/_logs/2026-09-14T16_13_44_347Z-debug-0.log
10 silly logfile done cleaning log files
11 silly packumentCache heap:2348810240 maxSize:587202560 maxEntrySize:293601280
12 silly idealTree buildDeps
13 silly reify moves {}
14 silly audit bulk request {
14 silly audit   '@babel/code-frame': [ '7.29.7' ],
14 silly audit   '@babel/compat-data': [ '7.29.7' ],
14 silly audit   '@babel/core': [ '7.29.7' ],
14 silly audit   '@babel/generator': [ '7.29.8' ],
14 silly audit   '@babel/helper-compilation-targets': [ '7.29.7' ],
14 silly audit   '@babel/helper-globals': [ '7.29.7' ],
14 silly audit   '@babel/helper-module-imports': [ '7.29.7' ],
14 silly audit   '@babel/helper-module-transforms': [ '7.29.7' ],
14 silly audit   '@babel/helper-plugin-utils': [ '7.29.7' ],
14 silly audit   '@babel/helper-string-parser': [ '7.29.7' ],
14 silly audit   '@babel/helper-validator-identifier': [ '7.29.7' ],
14 silly audit   '@babel/helper-validator-option': [ '7.29.7' ],
14 silly audit   '@babel/helpers': [ '7.29.7' ],
14 silly audit   '@babel/parser': [ '7.29.8' ],
14 silly audit   '@babel/plugin-transform-react-jsx-self': [ '7.29.7' ],
14 silly audit   '@babel/plugin-transform-react-jsx-source': [ '7.29.7' ],
14 silly audit   '@babel/template': [ '7.29.7' ],
14 silly audit   '@babel/traverse': [ '7.29.8' ],
14 silly audit   '@babel/types': [ '7.29.8' ],
14 silly audit   '@jridgewell/gen-mapping': [ '0.3.13' ],
14 silly audit   '@jridgewell/remapping': [ '2.3.5' ],
14 silly audit   '@jridgewell/resolve-uri': [ '3.1.2' ],
14 silly audit   '@jridgewell/sourcemap-codec': [ '1.6.0' ],
14 silly audit   '@jridgewell/trace-mapping': [ '0.3.31' ],
14 silly audit   '@oxc-project/types': [ '0.149.0' ],
14 silly audit   '@rolldown/binding-android-arm-eabi': [ '1.2.8' ],
14 silly audit   '@rolldown/binding-android-arm64': [ '1.2.8' ],
14 silly audit   '@rolldown/binding-darwin-arm64': [ '1.2.8' ],
14 silly audit   '@rolldown/binding-darwin-x64': [ '1.2.8' ],
14 silly audit   '@rolldown/binding-freebsd-x64': [ '1.2.8' ],
14 silly audit   '@rolldown/binding-linux-arm-gnueabihf': [ '1.2.8' ],
14 silly audit   '@rolldown/binding-linux-arm64-gnu': [ '1.2.8' ],
14 silly audit   '@rolldown/binding-linux-arm64-musl': [ '1.2.8' ],
14 silly audit   '@rolldown/binding-linux-ppc64-gnu': [ '1.2.8' ],
14 silly audit   '@rolldown/binding-linux-s390x-gnu': [ '1.2.8' ],
14 silly audit   '@rolldown/binding-linux-x64-gnu': [ '1.2.8' ],
14 silly audit   '@rolldown/binding-linux-x64-musl': [ '1.2.8' ],
14 silly audit   '@rolldown/binding-openharmony-arm64': [ '1.2.8' ],
14 silly audit   '@rolldown/binding-win32-arm64-msvc': [ '1.2.8' ],
14 silly audit   '@rolldown/binding-win32-x64-msvc': [ '1.2.8' ],
14 silly audit   '@rolldown/pluginutils': [ '1.0.0-rc.3', '1.0.1' ],
14 silly audit   '@tailwindcss/node': [ '4.3.3' ],
14 silly audit   '@tailwindcss/oxide': [ '4.3.3' ],
14 silly audit   '@tailwindcss/oxide-android-arm64': [ '4.3.3' ],
14 silly audit   '@tailwindcss/oxide-darwin-arm64': [ '4.3.3' ],
14 silly audit   '@tailwindcss/oxide-darwin-x64': [ '4.3.3' ],
14 silly audit   '@tailwindcss/oxide-freebsd-x64': [ '4.3.3' ],
14 silly audit   '@tailwindcss/oxide-linux-arm-gnueabihf': [ '4.3.3' ],
14 silly audit   '@tailwindcss/oxide-linux-arm64-gnu': [ '4.3.3' ],
14 silly audit   '@tailwindcss/oxide-linux-arm64-musl': [ '4.3.3' ],
14 silly audit   '@tailwindcss/oxide-linux-x64-gnu': [ '4.3.3' ],
14 silly audit   '@tailwindcss/oxide-linux-x64-musl': [ '4.3.3' ],
14 silly audit   '@tailwindcss/oxide-wasm32-wasi': [ '4.3.3' ],
14 silly audit   '@tailwindcss/oxide-win32-arm64-msvc': [ '4.3.3' ],
14 silly audit   '@tailwindcss/oxide-win32-x64-msvc': [ '4.3.3' ],
14 silly audit   '@tailwindcss/vite': [ '4.3.3' ],
14 silly audit   '@tanstack/history': [ '1.162.4' ],
14 silly audit   '@tanstack/react-router': [ '1.170.36' ],
14 silly audit   '@tanstack/react-store': [ '0.11.1' ],
14 silly audit   '@tanstack/router-core': [ '1.171.30' ],
14 silly audit   '@tanstack/router-generator': [ '1.167.36' ],
14 silly audit   '@tanstack/router-plugin': [ '1.168.38' ],
14 silly audit   '@tanstack/router-utils': [ '1.162.3' ],
14 silly audit   '@tanstack/store': [ '0.11.1' ],
14 silly audit   '@tanstack/virtual-file-routes': [ '1.162.0' ],
14 silly audit   '@types/babel__core': [ '7.20.5' ],
14 silly audit   '@types/babel__generator': [ '7.27.0' ],
14 silly audit   '@types/babel__template': [ '7.4.4' ],
14 silly audit   '@types/babel__traverse': [ '7.28.0' ],
14 silly audit   '@types/react': [ '19.3.0' ],
14 silly audit   '@types/react-dom': [ '19.3.0' ],
14 silly audit   '@vitejs/plugin-react': [ '5.2.0' ],
14 silly audit   ansis: [ '4.4.0' ],
14 silly audit   'babel-dead-code-elimination': [ '1.0.12' ],
14 silly audit   'baseline-browser-mapping': [ '2.11.23' ],
14 silly audit   browserslist: [ '4.28.9' ],
14 silly audit   'caniuse-lite': [ '1.0.30001810' ],
14 silly audit   chokidar: [ '5.0.0' ],
14 silly audit   'convert-source-map': [ '2.0.0' ],
14 silly audit   'cookie-es': [ '3.1.1' ],
14 silly audit   csstype: [ '3.2.3' ],
14 silly audit   debug: [ '4.4.3' ],
14 silly audit   'detect-libc': [ '2.1.2' ],
14 silly audit   diff: [ '8.0.4' ],
14 silly audit   'electron-to-chromium': [ '1.5.427' ],
14 silly audit   'enhanced-resolve': [ '5.25.1' ],
14 silly audit   escalade: [ '3.2.0' ],
14 silly audit   fdir: [ '6.5.0' ],
14 silly audit   fsevents: [ '2.3.3' ],
14 silly audit   gensync: [ '1.0.0-beta.2' ],
14 silly audit   'graceful-fs': [ '4.2.11' ],
14 silly audit   isbot: [ '5.2.2' ],
14 silly audit   jiti: [ '2.7.0' ],
14 silly audit   'js-tokens': [ '4.0.0' ],
14 silly audit   jsesc: [ '3.1.0' ],
14 silly audit   json5: [ '2.2.3' ],
14 silly audit   lightningcss: [ '1.32.0', '1.33.0' ],
14 silly audit   'lightningcss-android-arm64': [ '1.32.0', '1.33.0' ],
14 silly audit   'lightningcss-darwin-arm64': [ '1.32.0', '1.33.0' ],
14 silly audit   'lightningcss-darwin-x64': [ '1.32.0', '1.33.0' ],
14 silly audit   'lightningcss-freebsd-x64': [ '1.32.0', '1.33.0' ],
14 silly audit   'lightningcss-linux-arm-gnueabihf': [ '1.32.0', '1.33.0' ],
14 silly audit   'lightningcss-linux-arm64-gnu': [ '1.32.0', '1.33.0' ],
14 silly audit   'lightningcss-linux-arm64-musl': [ '1.32.0', '1.33.0' ],
14 silly audit   'lightningcss-linux-x64-gnu': [ '1.32.0', '1.33.0' ],
14 silly audit   'lightningcss-linux-x64-musl': [ '1.32.0', '1.33.0' ],
14 silly audit   'lightningcss-win32-arm64-msvc': [ '1.32.0', '1.33.0' ],
14 silly audit   'lightningcss-win32-x64-msvc': [ '1.32.0', '1.33.0' ],
14 silly audit   'lru-cache': [ '5.1.1' ],
14 silly audit   'magic-string': [ '0.30.21' ],
14 silly audit   ms: [ '2.1.3' ],
14 silly audit   nanoid: [ '3.3.19' ],
14 silly audit   'node-releases': [ '2.0.55' ],
14 silly audit   pathe: [ '2.0.3' ],
14 silly audit   picocolors: [ '1.1.1' ],
14 silly audit   picomatch: [ '4.0.7' ],
14 silly audit   postcss: [ '8.5.28' ],
14 silly audit   prettier: [ '3.9.6' ],
14 silly audit   react: [ '19.3.0' ],
14 silly audit   'react-dom': [ '19.3.0' ],
14 silly audit   'react-refresh': [ '0.18.0' ],
14 silly audit   readdirp: [ '5.1.1' ],
14 silly audit   rolldown: [ '1.2.8' ],
14 silly audit   scheduler: [ '0.28.0' ],
14 silly audit   semver: [ '6.3.1' ],
14 silly audit   seroval: [ '1.6.7' ],
14 silly audit   'seroval-plugins': [ '1.6.7' ],
14 silly audit   'source-map-js': [ '1.2.1' ],
14 silly audit   tailwindcss: [ '4.3.3' ],
14 silly audit   tapable: [ '2.3.3' ],
14 silly audit   tinyglobby: [ '0.2.17' ],
14 silly audit   typescript: [ '5.9.3' ],
14 silly audit   unplugin: [ '3.3.0' ],
14 silly audit   'update-browserslist-db': [ '1.3.3' ],
14 silly audit   'use-sync-external-store': [ '1.7.0' ],
14 silly audit   vite: [ '8.3.0' ],
14 silly audit   'webpack-virtual-modules': [ '0.6.2' ],
14 silly audit   yallist: [ '3.1.1' ],
14 silly audit   zod: [ '4.6.5' ]
14 silly audit }
15 http fetch POST 200 https://registry.npmjs.org/-/npm/v1/security/advisories/bulk 542ms
16 silly audit report {}
17 verbose cwd /home/sprite
18 verbose os Linux 6.12.105-fly
19 verbose node v24.18.0
20 verbose npm  v12.0.2
21 verbose exit 0
22 info ok
